14:54:31 **** Incremental Build of configuration Debug for project 1852238-Lab2 ****
make -j8 all 
arm-none-eabi-gcc "../Core/Src/global.c" -mcpu=cortex-m3 -std=gnu11 -g3 -DDEBUG -DUSE_HAL_DRIVER -DSTM32F103x6 -c -I../Core/Inc -I../Drivers/STM32F1xx_HAL_Driver/Inc -I../Drivers/STM32F1xx_HAL_Driver/Inc/Legacy -I../Drivers/CMSIS/Device/ST/STM32F1xx/Include -I../Drivers/CMSIS/Include -O0 -ffunction-sections -fdata-sections -Wall -fstack-usage -MMD -MP -MF"Core/Src/global.d" -MT"Core/Src/global.o" --specs=nano.specs -mfloat-abi=soft -mthumb -o "Core/Src/global.o"
arm-none-eabi-gcc -o "1852238-Lab2.elf" @"objects.list"   -mcpu=cortex-m3 -T"D:\LearningMaterial\Mirco-Processor\Lab2\mProcessor-Lab2\STM32\1852238-Lab2\STM32F103C6UX_FLASH.ld" --specs=nosys.specs -Wl,-Map="1852238-Lab2.map" -Wl,--gc-sections -static --specs=nano.specs -mfloat-abi=soft -mthumb -Wl,--start-group -lc -lm -Wl,--end-group
Finished building target: 1852238-Lab2.elf
 
arm-none-eabi-size   1852238-Lab2.elf 
arm-none-eabi-objdump -h -S  1852238-Lab2.elf  > "1852238-Lab2.list"
arm-none-eabi-objcopy  -O ihex  1852238-Lab2.elf  "1852238-Lab2.hex"
arm-none-eabi-objcopy  -O binary  1852238-Lab2.elf  "1852238-Lab2.bin"
   text	   data	    bss	    dec	    hex	filename
   8320	     36	   1660	  10016	   2720	1852238-Lab2.elf
Finished building: default.size.stdout
 
Finished building: 1852238-Lab2.bin
Finished building: 1852238-Lab2.hex
Finished building: 1852238-Lab2.list
 
 
 

14:54:34 Build Finished. 0 errors, 0 warnings. (took 2s.370ms)

